Archive member included because of file (symbol)

c:/winavr-20100110/bin/../lib/gcc/avr/4.3.3/avr5\libgcc.a(_udivmodsi4.o)
                              ./MCAL/UART/uart.o (__udivmodsi4)
c:/winavr-20100110/bin/../lib/gcc/avr/4.3.3/avr5\libgcc.a(_exit.o)
                              c:/winavr-20100110/bin/../lib/gcc/avr/4.3.3/../../../../avr/lib/avr5/crtm16.o (exit)
c:/winavr-20100110/bin/../lib/gcc/avr/4.3.3/avr5\libgcc.a(_copy_data.o)
                              ./MCAL/GPT/Gpt.o (__do_copy_data)
c:/winavr-20100110/bin/../lib/gcc/avr/4.3.3/avr5\libgcc.a(_clear_bss.o)
                              ./MCAL/GPT/Gpt.o (__do_clear_bss)
c:/winavr-20100110/bin/../lib/gcc/avr/4.3.3/avr5\libgcc.a(_fixunssfsi.o)
                              ./CONTROL_SOFTWARE_SUPPORT_LAYER/CONTROL_software_support.o (__fixunssfsi)
c:/winavr-20100110/bin/../lib/gcc/avr/4.3.3/avr5\libgcc.a(_addsub_sf.o)
                              c:/winavr-20100110/bin/../lib/gcc/avr/4.3.3/avr5\libgcc.a(_fixunssfsi.o) (__subsf3)
c:/winavr-20100110/bin/../lib/gcc/avr/4.3.3/avr5\libgcc.a(_mul_sf.o)
                              ./CONTROL_SOFTWARE_SUPPORT_LAYER/CONTROL_software_support.o (__mulsf3)
c:/winavr-20100110/bin/../lib/gcc/avr/4.3.3/avr5\libgcc.a(_gt_sf.o)
                              ./CONTROL_SOFTWARE_SUPPORT_LAYER/CONTROL_software_support.o (__gtsf2)
c:/winavr-20100110/bin/../lib/gcc/avr/4.3.3/avr5\libgcc.a(_ge_sf.o)
                              c:/winavr-20100110/bin/../lib/gcc/avr/4.3.3/avr5\libgcc.a(_fixunssfsi.o) (__gesf2)
c:/winavr-20100110/bin/../lib/gcc/avr/4.3.3/avr5\libgcc.a(_lt_sf.o)
                              ./CONTROL_SOFTWARE_SUPPORT_LAYER/CONTROL_software_support.o (__ltsf2)
c:/winavr-20100110/bin/../lib/gcc/avr/4.3.3/avr5\libgcc.a(_sf_to_si.o)
                              c:/winavr-20100110/bin/../lib/gcc/avr/4.3.3/avr5\libgcc.a(_fixunssfsi.o) (__fixsfsi)
c:/winavr-20100110/bin/../lib/gcc/avr/4.3.3/avr5\libgcc.a(_thenan_sf.o)
                              c:/winavr-20100110/bin/../lib/gcc/avr/4.3.3/avr5\libgcc.a(_addsub_sf.o) (__thenan_sf)
c:/winavr-20100110/bin/../lib/gcc/avr/4.3.3/avr5\libgcc.a(_prologue.o)
                              c:/winavr-20100110/bin/../lib/gcc/avr/4.3.3/avr5\libgcc.a(_addsub_sf.o) (__prologue_saves__)
c:/winavr-20100110/bin/../lib/gcc/avr/4.3.3/avr5\libgcc.a(_epilogue.o)
                              c:/winavr-20100110/bin/../lib/gcc/avr/4.3.3/avr5\libgcc.a(_addsub_sf.o) (__epilogue_restores__)
c:/winavr-20100110/bin/../lib/gcc/avr/4.3.3/avr5\libgcc.a(_pack_sf.o)
                              c:/winavr-20100110/bin/../lib/gcc/avr/4.3.3/avr5\libgcc.a(_addsub_sf.o) (__pack_f)
c:/winavr-20100110/bin/../lib/gcc/avr/4.3.3/avr5\libgcc.a(_unpack_sf.o)
                              c:/winavr-20100110/bin/../lib/gcc/avr/4.3.3/avr5\libgcc.a(_addsub_sf.o) (__unpack_f)
c:/winavr-20100110/bin/../lib/gcc/avr/4.3.3/avr5\libgcc.a(_fpcmp_parts_sf.o)
                              c:/winavr-20100110/bin/../lib/gcc/avr/4.3.3/avr5\libgcc.a(_gt_sf.o) (__fpcmp_parts_f)

Allocating common symbols
Common symbol       size              file

g_confirmPassword_array
                    0x5               ./CONTROL_SOFTWARE_SUPPORT_LAYER/CONTROL_software_support.o
g_currentPassword_array
                    0x5               ./CONTROL_SOFTWARE_SUPPORT_LAYER/CONTROL_software_support.o

Memory Configuration

Name             Origin             Length             Attributes
text             0x00000000         0x00020000         xr
data             0x00800060         0x0000ffa0         rw !x
eeprom           0x00810000         0x00010000         rw !x
fuse             0x00820000         0x00000400         rw !x
lock             0x00830000         0x00000400         rw !x
signature        0x00840000         0x00000400         rw !x
*default*        0x00000000         0xffffffff

Linker script and memory map

LOAD c:/winavr-20100110/bin/../lib/gcc/avr/4.3.3/../../../../avr/lib/avr5/crtm16.o
LOAD ./MCAL/UART/uart.o
LOAD ./MCAL/TWI/twi.o
LOAD ./MCAL/GPT/Gpt.o
LOAD ./MCAL/GPT/Gpt_Lcfg.o
LOAD ./MCAL/GPIO/gpio.o
LOAD ./HAL/EEPROM/eeprom.o
LOAD ./HAL/DC_MOTOR/Motor.o
LOAD ./HAL/DC_MOTOR/Motor_Lcfg.o
LOAD ./HAL/BUZZER/Buzzer.o
LOAD ./HAL/BUZZER/Buzzer_Lcfg.o
LOAD ./CONTROL_SOFTWARE_SUPPORT_LAYER/CONTROL_software_support.o
LOAD ./CONTROL_ECU.o
LOAD c:/winavr-20100110/bin/../lib/gcc/avr/4.3.3/avr5\libgcc.a
LOAD c:/winavr-20100110/bin/../lib/gcc/avr/4.3.3/../../../../avr/lib/avr5\libc.a
LOAD c:/winavr-20100110/bin/../lib/gcc/avr/4.3.3/avr5\libgcc.a

.hash
 *(.hash)

.dynsym
 *(.dynsym)

.dynstr
 *(.dynstr)

.gnu.version
 *(.gnu.version)

.gnu.version_d
 *(.gnu.version_d)

.gnu.version_r
 *(.gnu.version_r)

.rel.init
 *(.rel.init)

.rela.init
 *(.rela.init)

.rel.text
 *(.rel.text)
 *(.rel.text.*)
 *(.rel.gnu.linkonce.t*)

.rela.text
 *(.rela.text)
 *(.rela.text.*)
 *(.rela.gnu.linkonce.t*)

.rel.fini
 *(.rel.fini)

.rela.fini
 *(.rela.fini)

.rel.rodata
 *(.rel.rodata)
 *(.rel.rodata.*)
 *(.rel.gnu.linkonce.r*)

.rela.rodata
 *(.rela.rodata)
 *(.rela.rodata.*)
 *(.rela.gnu.linkonce.r*)

.rel.data
 *(.rel.data)
 *(.rel.data.*)
 *(.rel.gnu.linkonce.d*)

.rela.data
 *(.rela.data)
 *(.rela.data.*)
 *(.rela.gnu.linkonce.d*)

.rel.ctors
 *(.rel.ctors)

.rela.ctors
 *(.rela.ctors)

.rel.dtors
 *(.rel.dtors)

.rela.dtors
 *(.rela.dtors)

.rel.got
 *(.rel.got)

.rela.got
 *(.rela.got)

.rel.bss
 *(.rel.bss)

.rela.bss
 *(.rela.bss)

.rel.plt
 *(.rel.plt)

.rela.plt
 *(.rela.plt)

.text           0x00000000     0x2bd8
 *(.vectors)
 .vectors       0x00000000       0x54 c:/winavr-20100110/bin/../lib/gcc/avr/4.3.3/../../../../avr/lib/avr5/crtm16.o
                0x00000000                __vectors
                0x00000000                __vector_default
 *(.vectors)
 *(.progmem.gcc*)
 *(.progmem*)
                0x00000054                . = ALIGN (0x2)
                0x00000054                __trampolines_start = .
 *(.trampolines)
 .trampolines   0x00000054        0x0 linker stubs
 *(.trampolines*)
                0x00000054                __trampolines_end = .
 *(.jumptables)
 *(.jumptables*)
 *(.lowtext)
 *(.lowtext*)
                0x00000054                __ctors_start = .
 *(.ctors)
                0x00000054                __ctors_end = .
                0x00000054                __dtors_start = .
 *(.dtors)
                0x00000054                __dtors_end = .
 SORT(*)(.ctors)
 SORT(*)(.dtors)
 *(.init0)
 .init0         0x00000054        0x0 c:/winavr-20100110/bin/../lib/gcc/avr/4.3.3/../../../../avr/lib/avr5/crtm16.o
                0x00000054                __init
 *(.init0)
 *(.init1)
 *(.init1)
 *(.init2)
 .init2         0x00000054        0xc c:/winavr-20100110/bin/../lib/gcc/avr/4.3.3/../../../../avr/lib/avr5/crtm16.o
 *(.init2)
 *(.init3)
 *(.init3)
 *(.init4)
 .init4         0x00000060       0x16 c:/winavr-20100110/bin/../lib/gcc/avr/4.3.3/avr5\libgcc.a(_copy_data.o)
                0x00000060                __do_copy_data
 .init4         0x00000076       0x10 c:/winavr-20100110/bin/../lib/gcc/avr/4.3.3/avr5\libgcc.a(_clear_bss.o)
                0x00000076                __do_clear_bss
 *(.init4)
 *(.init5)
 *(.init5)
 *(.init6)
 *(.init6)
 *(.init7)
 *(.init7)
 *(.init8)
 *(.init8)
 *(.init9)
 .init9         0x00000086        0x8 c:/winavr-20100110/bin/../lib/gcc/avr/4.3.3/../../../../avr/lib/avr5/crtm16.o
 *(.init9)
 *(.text)
 .text          0x0000008e        0x4 c:/winavr-20100110/bin/../lib/gcc/avr/4.3.3/../../../../avr/lib/avr5/crtm16.o
                0x0000008e                __vector_1
                0x0000008e                __vector_12
                0x0000008e                __bad_interrupt
                0x0000008e                __vector_3
                0x0000008e                __vector_11
                0x0000008e                __vector_13
                0x0000008e                __vector_17
                0x0000008e                __vector_19
                0x0000008e                __vector_5
                0x0000008e                __vector_4
                0x0000008e                __vector_9
                0x0000008e                __vector_2
                0x0000008e                __vector_15
                0x0000008e                __vector_14
                0x0000008e                __vector_10
                0x0000008e                __vector_16
                0x0000008e                __vector_18
                0x0000008e                __vector_20
 .text          0x00000092        0x0 ./MCAL/UART/uart.o
 .text          0x00000092        0x0 ./MCAL/TWI/twi.o
 .text          0x00000092        0x0 ./MCAL/GPT/Gpt.o
 .text          0x00000092        0x0 ./MCAL/GPT/Gpt_Lcfg.o
 .text          0x00000092        0x0 ./MCAL/GPIO/gpio.o
 .text          0x00000092        0x0 ./HAL/EEPROM/eeprom.o
 .text          0x00000092        0x0 ./HAL/DC_MOTOR/Motor.o
 .text          0x00000092        0x0 ./HAL/DC_MOTOR/Motor_Lcfg.o
 .text          0x00000092        0x0 ./HAL/BUZZER/Buzzer.o
 .text          0x00000092        0x0 ./HAL/BUZZER/Buzzer_Lcfg.o
 .text          0x00000092        0x0 ./CONTROL_SOFTWARE_SUPPORT_LAYER/CONTROL_software_support.o
 .text          0x00000092        0x0 ./CONTROL_ECU.o
 .text          0x00000092        0x0 c:/winavr-20100110/bin/../lib/gcc/avr/4.3.3/avr5\libgcc.a(_udivmodsi4.o)
 .text          0x00000092        0x0 c:/winavr-20100110/bin/../lib/gcc/avr/4.3.3/avr5\libgcc.a(_exit.o)
 .text          0x00000092        0x0 c:/winavr-20100110/bin/../lib/gcc/avr/4.3.3/avr5\libgcc.a(_copy_data.o)
 .text          0x00000092        0x0 c:/winavr-20100110/bin/../lib/gcc/avr/4.3.3/avr5\libgcc.a(_clear_bss.o)
 .text          0x00000092       0x58 c:/winavr-20100110/bin/../lib/gcc/avr/4.3.3/avr5\libgcc.a(_fixunssfsi.o)
                0x00000092                __fixunssfsi
 .text          0x000000ea      0x354 c:/winavr-20100110/bin/../lib/gcc/avr/4.3.3/avr5\libgcc.a(_addsub_sf.o)
                0x00000382                __subsf3
                0x000003e4                __addsf3
 .text          0x0000043e      0x1f4 c:/winavr-20100110/bin/../lib/gcc/avr/4.3.3/avr5\libgcc.a(_mul_sf.o)
                0x0000043e                __mulsf3
 .text          0x00000632       0x60 c:/winavr-20100110/bin/../lib/gcc/avr/4.3.3/avr5\libgcc.a(_gt_sf.o)
                0x00000632                __gtsf2
 .text          0x00000692       0x60 c:/winavr-20100110/bin/../lib/gcc/avr/4.3.3/avr5\libgcc.a(_ge_sf.o)
                0x00000692                __gesf2
 .text          0x000006f2       0x60 c:/winavr-20100110/bin/../lib/gcc/avr/4.3.3/avr5\libgcc.a(_lt_sf.o)
                0x000006f2                __ltsf2
 .text          0x00000752       0xa8 c:/winavr-20100110/bin/../lib/gcc/avr/4.3.3/avr5\libgcc.a(_sf_to_si.o)
                0x00000752                __fixsfsi
 .text          0x000007fa        0x0 c:/winavr-20100110/bin/../lib/gcc/avr/4.3.3/avr5\libgcc.a(_thenan_sf.o)
 .text          0x000007fa        0x0 c:/winavr-20100110/bin/../lib/gcc/avr/4.3.3/avr5\libgcc.a(_prologue.o)
 .text          0x000007fa        0x0 c:/winavr-20100110/bin/../lib/gcc/avr/4.3.3/avr5\libgcc.a(_epilogue.o)
 .text          0x000007fa      0x1aa c:/winavr-20100110/bin/../lib/gcc/avr/4.3.3/avr5\libgcc.a(_pack_sf.o)
                0x000007fa                __pack_f
 .text          0x000009a4       0xf0 c:/winavr-20100110/bin/../lib/gcc/avr/4.3.3/avr5\libgcc.a(_unpack_sf.o)
                0x000009a4                __unpack_f
 .text          0x00000a94       0xb2 c:/winavr-20100110/bin/../lib/gcc/avr/4.3.3/avr5\libgcc.a(_fpcmp_parts_sf.o)
                0x00000a94                __fpcmp_parts_f
                0x00000b46                . = ALIGN (0x2)
 *(.text.*)
 .text.UART_Init
                0x00000b46       0xd2 ./MCAL/UART/uart.o
                0x00000b46                UART_Init
 .text.UART_sendByte
                0x00000c18       0x2e ./MCAL/UART/uart.o
                0x00000c18                UART_sendByte
 .text.UART_receiveByte
                0x00000c46       0x1e ./MCAL/UART/uart.o
                0x00000c46                UART_receiveByte
 .text.TWI_init
                0x00000c64       0x3e ./MCAL/TWI/twi.o
                0x00000c64                TWI_init
 .text.TWI_start
                0x00000ca2       0x20 ./MCAL/TWI/twi.o
                0x00000ca2                TWI_start
 .text.TWI_stop
                0x00000cc2       0x16 ./MCAL/TWI/twi.o
                0x00000cc2                TWI_stop
 .text.TWI_writeByte
                0x00000cd8       0x2e ./MCAL/TWI/twi.o
                0x00000cd8                TWI_writeByte
 .text.TWI_readByteWithACK
                0x00000d06       0x26 ./MCAL/TWI/twi.o
                0x00000d06                TWI_readByteWithACK
 .text.TWI_readByteWithNACK
                0x00000d2c       0x26 ./MCAL/TWI/twi.o
                0x00000d2c                TWI_readByteWithNACK
 .text.TWI_getStatus
                0x00000d52       0x1e ./MCAL/TWI/twi.o
                0x00000d52                TWI_getStatus
 .text.GPT_startTimer
                0x00000d70       0x36 ./MCAL/GPT/Gpt.o
                0x00000d70                GPT_startTimer
 .text.GPT_setPrescaler
                0x00000da6       0x8a ./MCAL/GPT/Gpt.o
                0x00000da6                GPT_setPrescaler
 .text.GPT_setInitValue
                0x00000e30       0x70 ./MCAL/GPT/Gpt.o
                0x00000e30                GPT_setInitValue
 .text.GPT_setCompValue
                0x00000ea0       0x70 ./MCAL/GPT/Gpt.o
                0x00000ea0                GPT_setCompValue
 .text.GPT_setMode
                0x00000f10       0xe4 ./MCAL/GPT/Gpt.o
                0x00000f10                GPT_setMode
 .text.GPT_stopTimer
                0x00000ff4       0x56 ./MCAL/GPT/Gpt.o
                0x00000ff4                GPT_stopTimer
 .text.GPT_InitTimer0
                0x0000104a       0xb8 ./MCAL/GPT/Gpt.o
 .text.GPT_InitTimer1
                0x00001102       0xce ./MCAL/GPT/Gpt.o
 .text.GPT_InitTimer2
                0x000011d0       0xb8 ./MCAL/GPT/Gpt.o
 .text.GPT_enableNotification
                0x00001288       0xe4 ./MCAL/GPT/Gpt.o
                0x00001288                GPT_enableNotification
 .text.GPT_disableNotification
                0x0000136c       0xe4 ./MCAL/GPT/Gpt.o
                0x0000136c                GPT_disableNotification
 .text.GPT_T1_setCallBack
                0x00001450       0x24 ./MCAL/GPT/Gpt.o
                0x00001450                GPT_T1_setCallBack
 .text.__vector_8
                0x00001474       0x66 ./MCAL/GPT/Gpt.o
                0x00001474                __vector_8
 .text.__vector_6
                0x000014da       0x66 ./MCAL/GPT/Gpt.o
                0x000014da                __vector_6
 .text.__vector_7
                0x00001540       0x66 ./MCAL/GPT/Gpt.o
                0x00001540                __vector_7
 .text.GPIO_setupPinDirection
                0x000015a6      0x1d6 ./MCAL/GPIO/gpio.o
                0x000015a6                GPIO_setupPinDirection
 .text.GPIO_writePin
                0x0000177c      0x1d6 ./MCAL/GPIO/gpio.o
                0x0000177c                GPIO_writePin
 .text.GPIO_readPin
                0x00001952      0x136 ./MCAL/GPIO/gpio.o
                0x00001952                GPIO_readPin
 .text.GPIO_setupPortDirection
                0x00001a88       0x88 ./MCAL/GPIO/gpio.o
                0x00001a88                GPIO_setupPortDirection
 .text.GPIO_writePort
                0x00001b10       0x88 ./MCAL/GPIO/gpio.o
                0x00001b10                GPIO_writePort
 .text.GPIO_readPort
                0x00001b98       0x8a ./MCAL/GPIO/gpio.o
                0x00001b98                GPIO_readPort
 .text.EEPROM_Init
                0x00001c22       0x24 ./HAL/EEPROM/eeprom.o
                0x00001c22                EEPROM_Init
 .text.EEPROM_writeByte
                0x00001c46       0x82 ./HAL/EEPROM/eeprom.o
                0x00001c46                EEPROM_writeByte
 .text.EEPROM_readByte
                0x00001cc8       0xc0 ./HAL/EEPROM/eeprom.o
                0x00001cc8                EEPROM_readByte
 .text.MOTOR_Init
                0x00001d88       0xca ./HAL/DC_MOTOR/Motor.o
                0x00001d88                MOTOR_Init
 .text.MOTOR_rotateCW
                0x00001e52       0xba ./HAL/DC_MOTOR/Motor.o
                0x00001e52                MOTOR_rotateCW
 .text.MOTOR_rotateACW
                0x00001f0c       0xba ./HAL/DC_MOTOR/Motor.o
                0x00001f0c                MOTOR_rotateACW
 .text.MOTOR_stop
                0x00001fc6       0xba ./HAL/DC_MOTOR/Motor.o
                0x00001fc6                MOTOR_stop
 .text.BUZZER_Init
                0x00002080       0xba ./HAL/BUZZER/Buzzer.o
                0x00002080                BUZZER_Init
 .text.BUZZER_On
                0x0000213a       0x64 ./HAL/BUZZER/Buzzer.o
                0x0000213a                BUZZER_On
 .text.BUZZER_Off
                0x0000219e       0x64 ./HAL/BUZZER/Buzzer.o
                0x0000219e                BUZZER_Off
 .text.CTRL_Init
                0x00002202       0x98 ./CONTROL_SOFTWARE_SUPPORT_LAYER/CONTROL_software_support.o
                0x00002202                CTRL_Init
 .text.CTRL_receiveACK
                0x0000229a       0x1c ./CONTROL_SOFTWARE_SUPPORT_LAYER/CONTROL_software_support.o
                0x0000229a                CTRL_receiveACK
 .text.CTRL_sendACK
                0x000022b6       0x1c ./CONTROL_SOFTWARE_SUPPORT_LAYER/CONTROL_software_support.o
                0x000022b6                CTRL_sendACK
 .text.CTRL_receivePassword
                0x000022d2      0x140 ./CONTROL_SOFTWARE_SUPPORT_LAYER/CONTROL_software_support.o
                0x000022d2                CTRL_receivePassword
 .text.CTRL_sendPassword
                0x00002412      0x136 ./CONTROL_SOFTWARE_SUPPORT_LAYER/CONTROL_software_support.o
                0x00002412                CTRL_sendPassword
 .text.CTRL_savePassword
                0x00002548      0x13e ./CONTROL_SOFTWARE_SUPPORT_LAYER/CONTROL_software_support.o
                0x00002548                CTRL_savePassword
 .text.CTRL_readPassword
                0x00002686       0x42 ./CONTROL_SOFTWARE_SUPPORT_LAYER/CONTROL_software_support.o
                0x00002686                CTRL_readPassword
 .text.CTRL_compareTwoPasswords
                0x000026c8       0x4e ./CONTROL_SOFTWARE_SUPPORT_LAYER/CONTROL_software_support.o
                0x000026c8                CTRL_compareTwoPasswords
 .text.CTRL_passwordInputOperation
                0x00002716       0x6a ./CONTROL_SOFTWARE_SUPPORT_LAYER/CONTROL_software_support.o
                0x00002716                CTRL_passwordInputOperation
 .text.CTRL_doorAction
                0x00002780       0x52 ./CONTROL_SOFTWARE_SUPPORT_LAYER/CONTROL_software_support.o
                0x00002780                CTRL_doorAction
 .text.CTRL_callBack
                0x000027d2       0x18 ./CONTROL_SOFTWARE_SUPPORT_LAYER/CONTROL_software_support.o
                0x000027d2                CTRL_callBack
 .text.CTRL_alarmAction
                0x000027ea       0x2e ./CONTROL_SOFTWARE_SUPPORT_LAYER/CONTROL_software_support.o
                0x000027ea                CTRL_alarmAction
 .text.CTRL_openDoorWrongPassword
                0x00002818       0x88 ./CONTROL_SOFTWARE_SUPPORT_LAYER/CONTROL_software_support.o
                0x00002818                CTRL_openDoorWrongPassword
 .text.CTRL_changePassword
                0x000028a0       0xc0 ./CONTROL_SOFTWARE_SUPPORT_LAYER/CONTROL_software_support.o
                0x000028a0                CTRL_changePassword
 .text.main     0x00002960      0x1c2 ./CONTROL_ECU.o
                0x00002960                main
 .text.libgcc   0x00002b22       0x44 c:/winavr-20100110/bin/../lib/gcc/avr/4.3.3/avr5\libgcc.a(_udivmodsi4.o)
                0x00002b22                __udivmodsi4
 .text.libgcc   0x00002b66        0x0 c:/winavr-20100110/bin/../lib/gcc/avr/4.3.3/avr5\libgcc.a(_exit.o)
 .text.libgcc   0x00002b66        0x0 c:/winavr-20100110/bin/../lib/gcc/avr/4.3.3/avr5\libgcc.a(_copy_data.o)
 .text.libgcc   0x00002b66        0x0 c:/winavr-20100110/bin/../lib/gcc/avr/4.3.3/avr5\libgcc.a(_clear_bss.o)
 .text.libgcc   0x00002b66       0x38 c:/winavr-20100110/bin/../lib/gcc/avr/4.3.3/avr5\libgcc.a(_prologue.o)
                0x00002b66                __prologue_saves__
 .text.libgcc   0x00002b9e       0x36 c:/winavr-20100110/bin/../lib/gcc/avr/4.3.3/avr5\libgcc.a(_epilogue.o)
                0x00002b9e                __epilogue_restores__
                0x00002bd4                . = ALIGN (0x2)
 *(.fini9)
 .fini9         0x00002bd4        0x0 c:/winavr-20100110/bin/../lib/gcc/avr/4.3.3/avr5\libgcc.a(_exit.o)
                0x00002bd4                exit
                0x00002bd4                _exit
 *(.fini9)
 *(.fini8)
 *(.fini8)
 *(.fini7)
 *(.fini7)
 *(.fini6)
 *(.fini6)
 *(.fini5)
 *(.fini5)
 *(.fini4)
 *(.fini4)
 *(.fini3)
 *(.fini3)
 *(.fini2)
 *(.fini2)
 *(.fini1)
 *(.fini1)
 *(.fini0)
 .fini0         0x00002bd4        0x4 c:/winavr-20100110/bin/../lib/gcc/avr/4.3.3/avr5\libgcc.a(_exit.o)
 *(.fini0)
                0x00002bd8                _etext = .

.data           0x00800060       0x36 load address 0x00002bd8
                0x00800060                PROVIDE (__data_start, .)
 *(.data)
 .data          0x00800060        0x0 c:/winavr-20100110/bin/../lib/gcc/avr/4.3.3/../../../../avr/lib/avr5/crtm16.o
 .data          0x00800060        0x0 ./MCAL/UART/uart.o
 .data          0x00800060        0x0 ./MCAL/TWI/twi.o
 .data          0x00800060        0x0 ./MCAL/GPT/Gpt.o
 .data          0x00800060        0x0 ./MCAL/GPT/Gpt_Lcfg.o
 .data          0x00800060        0x0 ./MCAL/GPIO/gpio.o
 .data          0x00800060        0x0 ./HAL/EEPROM/eeprom.o
 .data          0x00800060        0x0 ./HAL/DC_MOTOR/Motor.o
 .data          0x00800060        0x0 ./HAL/DC_MOTOR/Motor_Lcfg.o
 .data          0x00800060        0x0 ./HAL/BUZZER/Buzzer.o
 .data          0x00800060        0x0 ./HAL/BUZZER/Buzzer_Lcfg.o
 .data          0x00800060        0x0 ./CONTROL_SOFTWARE_SUPPORT_LAYER/CONTROL_software_support.o
 .data          0x00800060        0x0 ./CONTROL_ECU.o
 .data          0x00800060        0x0 c:/winavr-20100110/bin/../lib/gcc/avr/4.3.3/avr5\libgcc.a(_udivmodsi4.o)
 .data          0x00800060        0x0 c:/winavr-20100110/bin/../lib/gcc/avr/4.3.3/avr5\libgcc.a(_exit.o)
 .data          0x00800060        0x0 c:/winavr-20100110/bin/../lib/gcc/avr/4.3.3/avr5\libgcc.a(_copy_data.o)
 .data          0x00800060        0x0 c:/winavr-20100110/bin/../lib/gcc/avr/4.3.3/avr5\libgcc.a(_clear_bss.o)
 .data          0x00800060        0x0 c:/winavr-20100110/bin/../lib/gcc/avr/4.3.3/avr5\libgcc.a(_fixunssfsi.o)
 .data          0x00800060        0x0 c:/winavr-20100110/bin/../lib/gcc/avr/4.3.3/avr5\libgcc.a(_addsub_sf.o)
 .data          0x00800060        0x0 c:/winavr-20100110/bin/../lib/gcc/avr/4.3.3/avr5\libgcc.a(_mul_sf.o)
 .data          0x00800060        0x0 c:/winavr-20100110/bin/../lib/gcc/avr/4.3.3/avr5\libgcc.a(_gt_sf.o)
 .data          0x00800060        0x0 c:/winavr-20100110/bin/../lib/gcc/avr/4.3.3/avr5\libgcc.a(_ge_sf.o)
 .data          0x00800060        0x0 c:/winavr-20100110/bin/../lib/gcc/avr/4.3.3/avr5\libgcc.a(_lt_sf.o)
 .data          0x00800060        0x0 c:/winavr-20100110/bin/../lib/gcc/avr/4.3.3/avr5\libgcc.a(_sf_to_si.o)
 .data          0x00800060        0x8 c:/winavr-20100110/bin/../lib/gcc/avr/4.3.3/avr5\libgcc.a(_thenan_sf.o)
                0x00800060                __thenan_sf
 .data          0x00800068        0x0 c:/winavr-20100110/bin/../lib/gcc/avr/4.3.3/avr5\libgcc.a(_prologue.o)
 .data          0x00800068        0x0 c:/winavr-20100110/bin/../lib/gcc/avr/4.3.3/avr5\libgcc.a(_epilogue.o)
 .data          0x00800068        0x0 c:/winavr-20100110/bin/../lib/gcc/avr/4.3.3/avr5\libgcc.a(_pack_sf.o)
 .data          0x00800068        0x0 c:/winavr-20100110/bin/../lib/gcc/avr/4.3.3/avr5\libgcc.a(_unpack_sf.o)
 .data          0x00800068        0x0 c:/winavr-20100110/bin/../lib/gcc/avr/4.3.3/avr5\libgcc.a(_fpcmp_parts_sf.o)
 *(.data*)
 .data.GPT_Init
                0x00800068        0x6 ./MCAL/GPT/Gpt.o
 *(.rodata)
 *(.rodata*)
 .rodata.GPT_ConfigStructObj
                0x0080006e       0x18 ./MCAL/GPT/Gpt_Lcfg.o
                0x0080006e                GPT_ConfigStructObj
 .rodata.MotorConfig
                0x00800086        0x5 ./HAL/DC_MOTOR/Motor_Lcfg.o
                0x00800086                MotorConfig
 .rodata.BuzzerConfig
                0x0080008b        0x3 ./HAL/BUZZER/Buzzer_Lcfg.o
                0x0080008b                BuzzerConfig
 .rodata.C.0.1460
                0x0080008e        0x7 ./CONTROL_SOFTWARE_SUPPORT_LAYER/CONTROL_software_support.o
 *(.gnu.linkonce.d*)
                0x00800096                . = ALIGN (0x2)
 *fill*         0x00800095        0x1 00
                0x00800096                _edata = .
                0x00800096                PROVIDE (__data_end, .)

.bss            0x00800096        0xd
                0x00800096                PROVIDE (__bss_start, .)
 *(.bss)
 .bss           0x00800096        0x0 c:/winavr-20100110/bin/../lib/gcc/avr/4.3.3/../../../../avr/lib/avr5/crtm16.o
 .bss           0x00800096        0x0 ./MCAL/UART/uart.o
 .bss           0x00800096        0x0 ./MCAL/TWI/twi.o
 .bss           0x00800096        0x0 ./MCAL/GPT/Gpt.o
 .bss           0x00800096        0x0 ./MCAL/GPT/Gpt_Lcfg.o
 .bss           0x00800096        0x0 ./MCAL/GPIO/gpio.o
 .bss           0x00800096        0x0 ./HAL/EEPROM/eeprom.o
 .bss           0x00800096        0x0 ./HAL/DC_MOTOR/Motor.o
 .bss           0x00800096        0x0 ./HAL/DC_MOTOR/Motor_Lcfg.o
 .bss           0x00800096        0x0 ./HAL/BUZZER/Buzzer.o
 .bss           0x00800096        0x0 ./HAL/BUZZER/Buzzer_Lcfg.o
 .bss           0x00800096        0x0 ./CONTROL_SOFTWARE_SUPPORT_LAYER/CONTROL_software_support.o
 .bss           0x00800096        0x0 ./CONTROL_ECU.o
 .bss           0x00800096        0x0 c:/winavr-20100110/bin/../lib/gcc/avr/4.3.3/avr5\libgcc.a(_udivmodsi4.o)
 .bss           0x00800096        0x0 c:/winavr-20100110/bin/../lib/gcc/avr/4.3.3/avr5\libgcc.a(_exit.o)
 .bss           0x00800096        0x0 c:/winavr-20100110/bin/../lib/gcc/avr/4.3.3/avr5\libgcc.a(_copy_data.o)
 .bss           0x00800096        0x0 c:/winavr-20100110/bin/../lib/gcc/avr/4.3.3/avr5\libgcc.a(_clear_bss.o)
 .bss           0x00800096        0x0 c:/winavr-20100110/bin/../lib/gcc/avr/4.3.3/avr5\libgcc.a(_fixunssfsi.o)
 .bss           0x00800096        0x0 c:/winavr-20100110/bin/../lib/gcc/avr/4.3.3/avr5\libgcc.a(_addsub_sf.o)
 .bss           0x00800096        0x0 c:/winavr-20100110/bin/../lib/gcc/avr/4.3.3/avr5\libgcc.a(_mul_sf.o)
 .bss           0x00800096        0x0 c:/winavr-20100110/bin/../lib/gcc/avr/4.3.3/avr5\libgcc.a(_gt_sf.o)
 .bss           0x00800096        0x0 c:/winavr-20100110/bin/../lib/gcc/avr/4.3.3/avr5\libgcc.a(_ge_sf.o)
 .bss           0x00800096        0x0 c:/winavr-20100110/bin/../lib/gcc/avr/4.3.3/avr5\libgcc.a(_lt_sf.o)
 .bss           0x00800096        0x0 c:/winavr-20100110/bin/../lib/gcc/avr/4.3.3/avr5\libgcc.a(_sf_to_si.o)
 .bss           0x00800096        0x0 c:/winavr-20100110/bin/../lib/gcc/avr/4.3.3/avr5\libgcc.a(_thenan_sf.o)
 .bss           0x00800096        0x0 c:/winavr-20100110/bin/../lib/gcc/avr/4.3.3/avr5\libgcc.a(_prologue.o)
 .bss           0x00800096        0x0 c:/winavr-20100110/bin/../lib/gcc/avr/4.3.3/avr5\libgcc.a(_epilogue.o)
 .bss           0x00800096        0x0 c:/winavr-20100110/bin/../lib/gcc/avr/4.3.3/avr5\libgcc.a(_pack_sf.o)
 .bss           0x00800096        0x0 c:/winavr-20100110/bin/../lib/gcc/avr/4.3.3/avr5\libgcc.a(_unpack_sf.o)
 .bss           0x00800096        0x0 c:/winavr-20100110/bin/../lib/gcc/avr/4.3.3/avr5\libgcc.a(_fpcmp_parts_sf.o)
 *(.bss*)
 .bss.g_Timer1_callBack_Ptr
                0x00800096        0x2 ./MCAL/GPT/Gpt.o
 .bss.g_seconds
                0x00800098        0x1 ./CONTROL_SOFTWARE_SUPPORT_LAYER/CONTROL_software_support.o
                0x00800098                g_seconds
 *(COMMON)
 COMMON         0x00800099        0xa ./CONTROL_SOFTWARE_SUPPORT_LAYER/CONTROL_software_support.o
                0x00800099                g_confirmPassword_array
                0x0080009e                g_currentPassword_array
                0x008000a3                PROVIDE (__bss_end, .)
                0x00002bd8                __data_load_start = LOADADDR (.data)
                0x00002c0e                __data_load_end = (__data_load_start + SIZEOF (.data))

.noinit         0x008000a3        0x0
                0x008000a3                PROVIDE (__noinit_start, .)
 *(.noinit*)
                0x008000a3                PROVIDE (__noinit_end, .)
                0x008000a3                _end = .
                0x008000a3                PROVIDE (__heap_start, .)

.eeprom         0x00810000        0x0
 *(.eeprom*)
                0x00810000                __eeprom_end = .

.fuse
 *(.fuse)
 *(.lfuse)
 *(.hfuse)
 *(.efuse)

.lock
 *(.lock*)

.signature
 *(.signature*)

.stab           0x00000000     0x3840
 *(.stab)
 .stab          0x00000000      0x4d4 ./MCAL/UART/uart.o
 .stab          0x000004d4      0x3e4 ./MCAL/TWI/twi.o
                                0x5a0 (size before relaxing)
 .stab          0x000008b8      0x864 ./MCAL/GPT/Gpt.o
                                0xa20 (size before relaxing)
 .stab          0x0000111c       0xfc ./MCAL/GPT/Gpt_Lcfg.o
                                0x228 (size before relaxing)
 .stab          0x00001218      0x6b4 ./MCAL/GPIO/gpio.o
                                0x870 (size before relaxing)
 .stab          0x000018cc      0x414 ./HAL/EEPROM/eeprom.o
                                0x420 (size before relaxing)
 .stab          0x00001ce0      0x414 ./HAL/DC_MOTOR/Motor.o
                                0x420 (size before relaxing)
 .stab          0x000020f4      0x198 ./HAL/DC_MOTOR/Motor_Lcfg.o
                                0x210 (size before relaxing)
 .stab          0x0000228c      0x324 ./HAL/BUZZER/Buzzer.o
                                0x330 (size before relaxing)
 .stab          0x000025b0      0x108 ./HAL/BUZZER/Buzzer_Lcfg.o
                                0x228 (size before relaxing)
 .stab          0x000026b8      0xde0 ./CONTROL_SOFTWARE_SUPPORT_LAYER/CONTROL_software_support.o
                                0xf6c (size before relaxing)
 .stab          0x00003498      0x3a8 ./CONTROL_ECU.o
                                0x63c (size before relaxing)

.stabstr        0x00000000     0x25f2
 *(.stabstr)
 .stabstr       0x00000000     0x25f2 ./MCAL/UART/uart.o

.stab.excl
 *(.stab.excl)

.stab.exclstr
 *(.stab.exclstr)

.stab.index
 *(.stab.index)

.stab.indexstr
 *(.stab.indexstr)

.comment
 *(.comment)

.debug
 *(.debug)

.line
 *(.line)

.debug_srcinfo
 *(.debug_srcinfo)

.debug_sfnames
 *(.debug_sfnames)

.debug_aranges  0x00000000      0x140
 *(.debug_aranges)
 .debug_aranges
                0x00000000       0x20 c:/winavr-20100110/bin/../lib/gcc/avr/4.3.3/avr5\libgcc.a(_fixunssfsi.o)
 .debug_aranges
                0x00000020       0x20 c:/winavr-20100110/bin/../lib/gcc/avr/4.3.3/avr5\libgcc.a(_addsub_sf.o)
 .debug_aranges
                0x00000040       0x20 c:/winavr-20100110/bin/../lib/gcc/avr/4.3.3/avr5\libgcc.a(_mul_sf.o)
 .debug_aranges
                0x00000060       0x20 c:/winavr-20100110/bin/../lib/gcc/avr/4.3.3/avr5\libgcc.a(_gt_sf.o)
 .debug_aranges
                0x00000080       0x20 c:/winavr-20100110/bin/../lib/gcc/avr/4.3.3/avr5\libgcc.a(_ge_sf.o)
 .debug_aranges
                0x000000a0       0x20 c:/winavr-20100110/bin/../lib/gcc/avr/4.3.3/avr5\libgcc.a(_lt_sf.o)
 .debug_aranges
                0x000000c0       0x20 c:/winavr-20100110/bin/../lib/gcc/avr/4.3.3/avr5\libgcc.a(_sf_to_si.o)
 .debug_aranges
                0x000000e0       0x20 c:/winavr-20100110/bin/../lib/gcc/avr/4.3.3/avr5\libgcc.a(_pack_sf.o)
 .debug_aranges
                0x00000100       0x20 c:/winavr-20100110/bin/../lib/gcc/avr/4.3.3/avr5\libgcc.a(_unpack_sf.o)
 .debug_aranges
                0x00000120       0x20 c:/winavr-20100110/bin/../lib/gcc/avr/4.3.3/avr5\libgcc.a(_fpcmp_parts_sf.o)

.debug_pubnames
                0x00000000      0x170
 *(.debug_pubnames)
 .debug_pubnames
                0x00000000       0x23 c:/winavr-20100110/bin/../lib/gcc/avr/4.3.3/avr5\libgcc.a(_fixunssfsi.o)
 .debug_pubnames
                0x00000023       0x2c c:/winavr-20100110/bin/../lib/gcc/avr/4.3.3/avr5\libgcc.a(_addsub_sf.o)
 .debug_pubnames
                0x0000004f       0x1f c:/winavr-20100110/bin/../lib/gcc/avr/4.3.3/avr5\libgcc.a(_mul_sf.o)
 .debug_pubnames
                0x0000006e       0x1e c:/winavr-20100110/bin/../lib/gcc/avr/4.3.3/avr5\libgcc.a(_gt_sf.o)
 .debug_pubnames
                0x0000008c       0x1e c:/winavr-20100110/bin/../lib/gcc/avr/4.3.3/avr5\libgcc.a(_ge_sf.o)
 .debug_pubnames
                0x000000aa       0x1e c:/winavr-20100110/bin/../lib/gcc/avr/4.3.3/avr5\libgcc.a(_lt_sf.o)
 .debug_pubnames
                0x000000c8       0x20 c:/winavr-20100110/bin/../lib/gcc/avr/4.3.3/avr5\libgcc.a(_sf_to_si.o)
 .debug_pubnames
                0x000000e8       0x22 c:/winavr-20100110/bin/../lib/gcc/avr/4.3.3/avr5\libgcc.a(_thenan_sf.o)
 .debug_pubnames
                0x0000010a       0x1f c:/winavr-20100110/bin/../lib/gcc/avr/4.3.3/avr5\libgcc.a(_pack_sf.o)
 .debug_pubnames
                0x00000129       0x21 c:/winavr-20100110/bin/../lib/gcc/avr/4.3.3/avr5\libgcc.a(_unpack_sf.o)
 .debug_pubnames
                0x0000014a       0x26 c:/winavr-20100110/bin/../lib/gcc/avr/4.3.3/avr5\libgcc.a(_fpcmp_parts_sf.o)

.debug_info     0x00000000     0x1c49
 *(.debug_info)
 .debug_info    0x00000000       0xb1 c:/winavr-20100110/bin/../lib/gcc/avr/4.3.3/avr5\libgcc.a(_fixunssfsi.o)
 .debug_info    0x000000b1      0x47a c:/winavr-20100110/bin/../lib/gcc/avr/4.3.3/avr5\libgcc.a(_addsub_sf.o)
 .debug_info    0x0000052b      0x485 c:/winavr-20100110/bin/../lib/gcc/avr/4.3.3/avr5\libgcc.a(_mul_sf.o)
 .debug_info    0x000009b0      0x27f c:/winavr-20100110/bin/../lib/gcc/avr/4.3.3/avr5\libgcc.a(_gt_sf.o)
 .debug_info    0x00000c2f      0x27f c:/winavr-20100110/bin/../lib/gcc/avr/4.3.3/avr5\libgcc.a(_ge_sf.o)
 .debug_info    0x00000eae      0x27f c:/winavr-20100110/bin/../lib/gcc/avr/4.3.3/avr5\libgcc.a(_lt_sf.o)
 .debug_info    0x0000112d      0x2b0 c:/winavr-20100110/bin/../lib/gcc/avr/4.3.3/avr5\libgcc.a(_sf_to_si.o)
 .debug_info    0x000013dd      0x12c c:/winavr-20100110/bin/../lib/gcc/avr/4.3.3/avr5\libgcc.a(_thenan_sf.o)
 .debug_info    0x00001509      0x2df c:/winavr-20100110/bin/../lib/gcc/avr/4.3.3/avr5\libgcc.a(_pack_sf.o)
 .debug_info    0x000017e8      0x251 c:/winavr-20100110/bin/../lib/gcc/avr/4.3.3/avr5\libgcc.a(_unpack_sf.o)
 .debug_info    0x00001a39      0x210 c:/winavr-20100110/bin/../lib/gcc/avr/4.3.3/avr5\libgcc.a(_fpcmp_parts_sf.o)
 *(.gnu.linkonce.wi.*)

.debug_abbrev   0x00000000      0xeeb
 *(.debug_abbrev)
 .debug_abbrev  0x00000000       0x5d c:/winavr-20100110/bin/../lib/gcc/avr/4.3.3/avr5\libgcc.a(_fixunssfsi.o)
 .debug_abbrev  0x0000005d      0x1ea c:/winavr-20100110/bin/../lib/gcc/avr/4.3.3/avr5\libgcc.a(_addsub_sf.o)
 .debug_abbrev  0x00000247      0x21b c:/winavr-20100110/bin/../lib/gcc/avr/4.3.3/avr5\libgcc.a(_mul_sf.o)
 .debug_abbrev  0x00000462      0x15a c:/winavr-20100110/bin/../lib/gcc/avr/4.3.3/avr5\libgcc.a(_gt_sf.o)
 .debug_abbrev  0x000005bc      0x15a c:/winavr-20100110/bin/../lib/gcc/avr/4.3.3/avr5\libgcc.a(_ge_sf.o)
 .debug_abbrev  0x00000716      0x15a c:/winavr-20100110/bin/../lib/gcc/avr/4.3.3/avr5\libgcc.a(_lt_sf.o)
 .debug_abbrev  0x00000870      0x17f c:/winavr-20100110/bin/../lib/gcc/avr/4.3.3/avr5\libgcc.a(_sf_to_si.o)
 .debug_abbrev  0x000009ef       0xad c:/winavr-20100110/bin/../lib/gcc/avr/4.3.3/avr5\libgcc.a(_thenan_sf.o)
 .debug_abbrev  0x00000a9c      0x1c0 c:/winavr-20100110/bin/../lib/gcc/avr/4.3.3/avr5\libgcc.a(_pack_sf.o)
 .debug_abbrev  0x00000c5c      0x154 c:/winavr-20100110/bin/../lib/gcc/avr/4.3.3/avr5\libgcc.a(_unpack_sf.o)
 .debug_abbrev  0x00000db0      0x13b c:/winavr-20100110/bin/../lib/gcc/avr/4.3.3/avr5\libgcc.a(_fpcmp_parts_sf.o)

.debug_line     0x00000000      0xdad
 *(.debug_line)
 .debug_line    0x00000000       0xa7 c:/winavr-20100110/bin/../lib/gcc/avr/4.3.3/avr5\libgcc.a(_fixunssfsi.o)
 .debug_line    0x000000a7      0x2af c:/winavr-20100110/bin/../lib/gcc/avr/4.3.3/avr5\libgcc.a(_addsub_sf.o)
 .debug_line    0x00000356      0x239 c:/winavr-20100110/bin/../lib/gcc/avr/4.3.3/avr5\libgcc.a(_mul_sf.o)
 .debug_line    0x0000058f       0xd3 c:/winavr-20100110/bin/../lib/gcc/avr/4.3.3/avr5\libgcc.a(_gt_sf.o)
 .debug_line    0x00000662       0xd3 c:/winavr-20100110/bin/../lib/gcc/avr/4.3.3/avr5\libgcc.a(_ge_sf.o)
 .debug_line    0x00000735       0xd3 c:/winavr-20100110/bin/../lib/gcc/avr/4.3.3/avr5\libgcc.a(_lt_sf.o)
 .debug_line    0x00000808      0x109 c:/winavr-20100110/bin/../lib/gcc/avr/4.3.3/avr5\libgcc.a(_sf_to_si.o)
 .debug_line    0x00000911       0x90 c:/winavr-20100110/bin/../lib/gcc/avr/4.3.3/avr5\libgcc.a(_thenan_sf.o)
 .debug_line    0x000009a1      0x18a c:/winavr-20100110/bin/../lib/gcc/avr/4.3.3/avr5\libgcc.a(_pack_sf.o)
 .debug_line    0x00000b2b      0x14b c:/winavr-20100110/bin/../lib/gcc/avr/4.3.3/avr5\libgcc.a(_unpack_sf.o)
 .debug_line    0x00000c76      0x137 c:/winavr-20100110/bin/../lib/gcc/avr/4.3.3/avr5\libgcc.a(_fpcmp_parts_sf.o)

.debug_frame    0x00000000      0x160
 *(.debug_frame)
 .debug_frame   0x00000000       0x20 c:/winavr-20100110/bin/../lib/gcc/avr/4.3.3/avr5\libgcc.a(_fixunssfsi.o)
 .debug_frame   0x00000020       0x40 c:/winavr-20100110/bin/../lib/gcc/avr/4.3.3/avr5\libgcc.a(_addsub_sf.o)
 .debug_frame   0x00000060       0x20 c:/winavr-20100110/bin/../lib/gcc/avr/4.3.3/avr5\libgcc.a(_mul_sf.o)
 .debug_frame   0x00000080       0x20 c:/winavr-20100110/bin/../lib/gcc/avr/4.3.3/avr5\libgcc.a(_gt_sf.o)
 .debug_frame   0x000000a0       0x20 c:/winavr-20100110/bin/../lib/gcc/avr/4.3.3/avr5\libgcc.a(_ge_sf.o)
 .debug_frame   0x000000c0       0x20 c:/winavr-20100110/bin/../lib/gcc/avr/4.3.3/avr5\libgcc.a(_lt_sf.o)
 .debug_frame   0x000000e0       0x20 c:/winavr-20100110/bin/../lib/gcc/avr/4.3.3/avr5\libgcc.a(_sf_to_si.o)
 .debug_frame   0x00000100       0x20 c:/winavr-20100110/bin/../lib/gcc/avr/4.3.3/avr5\libgcc.a(_pack_sf.o)
 .debug_frame   0x00000120       0x20 c:/winavr-20100110/bin/../lib/gcc/avr/4.3.3/avr5\libgcc.a(_unpack_sf.o)
 .debug_frame   0x00000140       0x20 c:/winavr-20100110/bin/../lib/gcc/avr/4.3.3/avr5\libgcc.a(_fpcmp_parts_sf.o)

.debug_str      0x00000000      0x28d
 *(.debug_str)
 .debug_str     0x00000000       0xbf c:/winavr-20100110/bin/../lib/gcc/avr/4.3.3/avr5\libgcc.a(_fixunssfsi.o)
                                 0xfe (size before relaxing)
 .debug_str     0x000000bf      0x14d c:/winavr-20100110/bin/../lib/gcc/avr/4.3.3/avr5\libgcc.a(_addsub_sf.o)
                                0x206 (size before relaxing)
 .debug_str     0x0000020c       0x27 c:/winavr-20100110/bin/../lib/gcc/avr/4.3.3/avr5\libgcc.a(_mul_sf.o)
                                0x1bf (size before relaxing)
 .debug_str     0x00000233        0xf c:/winavr-20100110/bin/../lib/gcc/avr/4.3.3/avr5\libgcc.a(_gt_sf.o)
                                0x195 (size before relaxing)
 .debug_str     0x00000242        0x8 c:/winavr-20100110/bin/../lib/gcc/avr/4.3.3/avr5\libgcc.a(_ge_sf.o)
                                0x195 (size before relaxing)
 .debug_str     0x0000024a        0x8 c:/winavr-20100110/bin/../lib/gcc/avr/4.3.3/avr5\libgcc.a(_lt_sf.o)
                                0x195 (size before relaxing)
 .debug_str     0x00000252        0xa c:/winavr-20100110/bin/../lib/gcc/avr/4.3.3/avr5\libgcc.a(_sf_to_si.o)
                                0x19e (size before relaxing)
 .debug_str     0x00000000      0x103 c:/winavr-20100110/bin/../lib/gcc/avr/4.3.3/avr5\libgcc.a(_thenan_sf.o)
 .debug_str     0x0000025c       0x16 c:/winavr-20100110/bin/../lib/gcc/avr/4.3.3/avr5\libgcc.a(_pack_sf.o)
                                0x19d (size before relaxing)
 .debug_str     0x00000272        0xb c:/winavr-20100110/bin/../lib/gcc/avr/4.3.3/avr5\libgcc.a(_unpack_sf.o)
                                0x17f (size before relaxing)
 .debug_str     0x0000027d       0x10 c:/winavr-20100110/bin/../lib/gcc/avr/4.3.3/avr5\libgcc.a(_fpcmp_parts_sf.o)
                                0x163 (size before relaxing)

.debug_loc      0x00000000      0x7ce
 *(.debug_loc)
 .debug_loc     0x00000000       0x34 c:/winavr-20100110/bin/../lib/gcc/avr/4.3.3/avr5\libgcc.a(_fixunssfsi.o)
 .debug_loc     0x00000034      0x32a c:/winavr-20100110/bin/../lib/gcc/avr/4.3.3/avr5\libgcc.a(_addsub_sf.o)
 .debug_loc     0x0000035e      0x104 c:/winavr-20100110/bin/../lib/gcc/avr/4.3.3/avr5\libgcc.a(_mul_sf.o)
 .debug_loc     0x00000462       0x3c c:/winavr-20100110/bin/../lib/gcc/avr/4.3.3/avr5\libgcc.a(_gt_sf.o)
 .debug_loc     0x0000049e       0x3c c:/winavr-20100110/bin/../lib/gcc/avr/4.3.3/avr5\libgcc.a(_ge_sf.o)
 .debug_loc     0x000004da       0x3c c:/winavr-20100110/bin/../lib/gcc/avr/4.3.3/avr5\libgcc.a(_lt_sf.o)
 .debug_loc     0x00000516       0x7e c:/winavr-20100110/bin/../lib/gcc/avr/4.3.3/avr5\libgcc.a(_sf_to_si.o)
 .debug_loc     0x00000594      0x13e c:/winavr-20100110/bin/../lib/gcc/avr/4.3.3/avr5\libgcc.a(_pack_sf.o)
 .debug_loc     0x000006d2       0xac c:/winavr-20100110/bin/../lib/gcc/avr/4.3.3/avr5\libgcc.a(_unpack_sf.o)
 .debug_loc     0x0000077e       0x50 c:/winavr-20100110/bin/../lib/gcc/avr/4.3.3/avr5\libgcc.a(_fpcmp_parts_sf.o)

.debug_macinfo
 *(.debug_macinfo)
OUTPUT(Door_Locker_Security_Systems_CONTROL.elf elf32-avr)
LOAD linker stubs

.debug_ranges   0x00000000       0x50
 .debug_ranges  0x00000000       0x50 c:/winavr-20100110/bin/../lib/gcc/avr/4.3.3/avr5\libgcc.a(_mul_sf.o)
